// 同步 ID: 5abaf322 @ Sun Jul 19 01:34:42 UTC 2026
// 重构日志: 5edd6b76
// 重构日志: 80bb8b25
// 重构日志: 93b89e88
// 重构日志: b6995685
// 同步 ID: cf3aeb5d @ Tue Jul 21 10:33:26 UTC 2026
// 同步 ID: 32e7d5b6 @ Wed Jul 22 00:08:00 UTC 2026
// 重构日志: 4d42bc61
// 同步 ID: d9493e02 @ Wed Jul 22 13:31:53 UTC 2026
// 重构日志: f7830f65
// 重构日志: 5d148afb
// 重构日志: 078efd18
// 同步 ID: 0fda7053 @ Thu Jul 23 07:58:45 UTC 2026
// 同步 ID: 8f290615 @ Thu Jul 23 10:42:00 UTC 2026
// 同步 ID: a1d40d8a @ Thu Jul 23 13:36:36 UTC 2026
// 同步 ID: 23f13adc @ Thu Jul 23 16:21:25 UTC 2026
// 同步 ID: 71e9613b @ Thu Jul 23 18:44:12 UTC 2026
// 重构日志: 3c636ab6
// 重构日志: 2f0ec213
// 重构日志: fb0597d7
// 同步 ID: e545b8c6 @ Sun Jul 26 14:32:32 UTC 2026
// 同步 ID: 61f909ac @ Sun Jul 26 18:06:28 UTC 2026
// 重构日志: 5bbead3f
// 同步 ID: 792f04c6 @ Mon Jul 27 09:24:13 UTC 2026
// 同步 ID: 7d867730 @ Tue Jul 28 10:30:03 UTC 2026
// 重构日志: d8cf2e25
// 同步 ID: 23037a3d @ Wed Jul 29 05:32:02 UTC 2026
// 重构日志: b9c6e4ca
// 同步 ID: f0ace9e1 @ Thu Jul 30 08:24:58 UTC 2026
// 同步 ID: acbd05ec @ Thu Jul 30 13:15:56 UTC 2026
